// Jest Snapshot v1, https://goo.gl/fbAQLP

exports[`StateLabel renders children 1`] = `
.c0 {
  display: -webkit-inline-box;
  display: -webkit-inline-flex;
  display: -ms-inline-flexbox;
  display: inline-flex;
  -webkit-align-items: center;
  -webkit-box-align: center;
  -ms-flex-align: center;
  align-items: center;
  padding: 8px 12px;
  font-weight: 600;
  line-height: 16px;
  color: #fff;
  font-size: 14px;
  text-align: center;
  background-color: #6a737d;
  border-radius: 100px;
}

<span
  className="c0"
>
  hi
</span>
`;

exports[`StateLabel respects the small flag 1`] = `
.c0 {
  display: -webkit-inline-box;
  display: -webkit-inline-flex;
  display: -ms-inline-flexbox;
  display: inline-flex;
  -webkit-align-items: center;
  -webkit-box-align: center;
  -ms-flex-align: center;
  align-items: center;
  padding: 4px 8px;
  font-weight: 600;
  line-height: 16px;
  color: #fff;
  font-size: 12px;
  text-align: center;
  background-color: #6a737d;
  border-radius: 100px;
}

<span
  className="c0"
/>
`;

exports[`StateLabel respects the small flag 2`] = `
.c0 {
  display: -webkit-inline-box;
  display: -webkit-inline-flex;
  display: -ms-inline-flexbox;
  display: inline-flex;
  -webkit-align-items: center;
  -webkit-box-align: center;
  -ms-flex-align: center;
  align-items: center;
  padding: 8px 12px;
  font-weight: 600;
  line-height: 16px;
  color: #fff;
  font-size: 14px;
  text-align: center;
  background-color: #6a737d;
  border-radius: 100px;
}

<span
  className="c0"
/>
`;

exports[`StateLabel respects the status prop 1`] = `
.c1 {
  margin-right: 4px;
}

.c0 {
  display: -webkit-inline-box;
  display: -webkit-inline-flex;
  display: -ms-inline-flexbox;
  display: inline-flex;
  -webkit-align-items: center;
  -webkit-box-align: center;
  -ms-flex-align: center;
  align-items: center;
  padding: 8px 12px;
  font-weight: 600;
  line-height: 16px;
  color: #fff;
  font-size: 14px;
  text-align: center;
  background-color: #159739;
  border-radius: 100px;
}

<span
  className="c0"
>
  <svg
    aria-hidden="true"
    className="c1"
    dangerouslySetInnerHTML={
      Object {
        "__html": "<path fill-rule=\\"evenodd\\" clip-rule=\\"evenodd\\" d=\\"M8 1.5C6.27609 1.5 4.62279 2.18482 3.40381 3.40381C2.18482 4.62279 1.5 6.27609 1.5 8C1.5 9.72391 2.18482 11.3772 3.40381 12.5962C4.62279 13.8152 6.27609 14.5 8 14.5C9.72391 14.5 11.3772 13.8152 12.5962 12.5962C13.8152 11.3772 14.5 9.72391 14.5 8C14.5 6.27609 13.8152 4.62279 12.5962 3.40381C11.3772 2.18482 9.72391 1.5 8 1.5ZM0 8C0 5.87827 0.842855 3.84344 2.34315 2.34315C3.84344 0.842855 5.87827 0 8 0C10.1217 0 12.1566 0.842855 13.6569 2.34315C15.1571 3.84344 16 5.87827 16 8C16 10.1217 15.1571 12.1566 13.6569 13.6569C12.1566 15.1571 10.1217 16 8 16C5.87827 16 3.84344 15.1571 2.34315 13.6569C0.842855 12.1566 0 10.1217 0 8ZM9 11C9 11.2652 8.89464 11.5196 8.70711 11.7071C8.51957 11.8946 8.26522 12 8 12C7.73478 12 7.48043 11.8946 7.29289 11.7071C7.10536 11.5196 7 11.2652 7 11C7 10.7348 7.10536 10.4804 7.29289 10.2929C7.48043 10.1054 7.73478 10 8 10C8.26522 10 8.51957 10.1054 8.70711 10.2929C8.89464 10.4804 9 10.7348 9 11ZM8.75 4.75C8.75 4.55109 8.67098 4.36032 8.53033 4.21967C8.38968 4.07902 8.19891 4 8 4C7.80109 4 7.61032 4.07902 7.46967 4.21967C7.32902 4.36032 7.25 4.55109 7.25 4.75V8.25C7.25 8.44891 7.32902 8.63968 7.46967 8.78033C7.61032 8.92098 7.80109 9 8 9C8.19891 9 8.38968 8.92098 8.53033 8.78033C8.67098 8.63968 8.75 8.44891 8.75 8.25V4.75Z\\"></path>",
      }
    }
    fill="currentColor"
    height={16}
    role="img"
    style={
      Object {
        "display": "inline-block",
        "userSelect": "none",
        "verticalAlign": "text-bottom",
      }
    }
    viewBox="0 0 16 16"
    width={16}
  />
</span>
`;

exports[`StateLabel respects the status prop 2`] = `
.c1 {
  margin-right: 4px;
}

.c0 {
  display: -webkit-inline-box;
  display: -webkit-inline-flex;
  display: -ms-inline-flexbox;
  display: inline-flex;
  -webkit-align-items: center;
  -webkit-box-align: center;
  -ms-flex-align: center;
  align-items: center;
  padding: 8px 12px;
  font-weight: 600;
  line-height: 16px;
  color: #fff;
  font-size: 14px;
  text-align: center;
  background-color: #cb2431;
  border-radius: 100px;
}

<span
  className="c0"
>
  <svg
    aria-hidden="true"
    className="c1"
    dangerouslySetInnerHTML={
      Object {
        "__html": "<path fill-rule=\\"evenodd\\" clip-rule=\\"evenodd\\" d=\\"M1.50001 8C1.49997 6.76578 1.85131 5.55706 2.51296 4.51518C3.1746 3.47331 4.1192 2.64134 5.2363 2.11656C6.35339 1.59179 7.59681 1.39591 8.82113 1.55182C10.0455 1.70774 11.2001 2.209 12.15 2.997C12.3034 3.11947 12.4987 3.1769 12.694 3.15698C12.8893 3.13706 13.069 3.04137 13.1945 2.89045C13.3201 2.73953 13.3814 2.54541 13.3654 2.34976C13.3494 2.15412 13.2574 1.97254 13.109 1.844C11.7815 0.74289 10.1337 0.100288 8.41121 0.0119901C6.68873 -0.0763082 4.98384 0.394426 3.5507 1.35402C2.11755 2.31361 1.0329 3.71067 0.458436 5.33693C-0.116025 6.96318 -0.149533 8.73155 0.36291 10.3784C0.875352 12.0253 1.9063 13.4624 3.30207 14.4756C4.69783 15.4888 6.38366 16.0238 8.10825 16.0008C9.83284 15.9778 11.5038 15.3981 12.8721 14.3481C14.2404 13.298 15.2326 11.8339 15.701 10.174C15.755 9.98251 15.7307 9.77743 15.6334 9.60386C15.5362 9.4303 15.374 9.30247 15.1825 9.2485C14.991 9.19453 14.7859 9.21883 14.6124 9.31607C14.4388 9.41331 14.311 9.57551 14.257 9.767C13.8316 11.2788 12.8732 12.5854 11.5591 13.4454C10.2449 14.3053 8.66385 14.6603 7.1082 14.4449C5.55254 14.2294 4.12751 13.458 3.09656 12.2732C2.06562 11.0885 1.49848 9.57051 1.50001 8V8ZM8.00001 12C8.26523 12 8.51958 11.8946 8.70712 11.7071C8.89466 11.5196 9.00001 11.2652 9.00001 11C9.00001 10.7348 8.89466 10.4804 8.70712 10.2929C8.51958 10.1054 8.26523 10 8.00001 10C7.7348 10 7.48044 10.1054 7.29291 10.2929C7.10537 10.4804 7.00001 10.7348 7.00001 11C7.00001 11.2652 7.10537 11.5196 7.29291 11.7071C7.48044 11.8946 7.7348 12 8.00001 12ZM8.00001 4C8.19893 4 8.38969 4.07902 8.53034 4.21967C8.671 4.36032 8.75001 4.55109 8.75001 4.75V8.25C8.75001 8.44891 8.671 8.63968 8.53034 8.78033C8.38969 8.92098 8.19893 9 8.00001 9C7.8011 9 7.61034 8.92098 7.46968 8.78033C7.32903 8.63968 7.25001 8.44891 7.25001 8.25V4.75C7.25001 4.55109 7.32903 4.36032 7.46968 4.21967C7.61034 4.07902 7.8011 4 8.00001 4ZM12.78 8.28L15.78 5.28C15.9125 5.13782 15.9846 4.94978 15.9812 4.75548C15.9778 4.56118 15.899 4.37579 15.7616 4.23838C15.6242 4.10096 15.4388 4.02225 15.2445 4.01882C15.0502 4.0154 14.8622 4.08752 14.72 4.22L12.25 6.69L11.28 5.72C11.2114 5.64631 11.1286 5.58721 11.0366 5.54622C10.9446 5.50523 10.8452 5.48318 10.7445 5.48141C10.6438 5.47963 10.5438 5.49816 10.4504 5.53588C10.357 5.5736 10.2722 5.62974 10.201 5.70096C10.1298 5.77218 10.0736 5.85701 10.0359 5.9504C9.99817 6.04379 9.97965 6.14382 9.98142 6.24452C9.9832 6.34522 10.0052 6.44454 10.0462 6.53654C10.0872 6.62854 10.1463 6.71134 10.22 6.78L11.72 8.28C11.8606 8.42045 12.0513 8.49934 12.25 8.49934C12.4488 8.49934 12.6394 8.42045 12.78 8.28V8.28Z\\"></path>",
      }
    }
    fill="currentColor"
    height={16}
    role="img"
    style={
      Object {
        "display": "inline-block",
        "userSelect": "none",
        "verticalAlign": "text-bottom",
      }
    }
    viewBox="0 0 16 16"
    width={16}
  />
</span>
`;

exports[`StateLabel respects the status prop 3`] = `
.c1 {
  margin-right: 4px;
}

.c0 {
  display: -webkit-inline-box;
  display: -webkit-inline-flex;
  display: -ms-inline-flexbox;
  display: inline-flex;
  -webkit-align-items: center;
  -webkit-box-align: center;
  -ms-flex-align: center;
  align-items: center;
  padding: 8px 12px;
  font-weight: 600;
  line-height: 16px;
  color: #fff;
  font-size: 14px;
  text-align: center;
  background-color: #6f42c1;
  border-radius: 100px;
}

<span
  className="c0"
>
  <svg
    aria-hidden="true"
    className="c1"
    dangerouslySetInnerHTML={
      Object {
        "__html": "<path fill-rule=\\"evenodd\\" clip-rule=\\"evenodd\\" d=\\"M5 3.254V3.25V3.255C4.99934 3.45369 4.91985 3.64401 4.779 3.78415C4.63815 3.9243 4.44745 4.00283 4.24875 4.0025C4.05006 4.00217 3.85961 3.923 3.71923 3.78239C3.57885 3.64177 3.5 3.45119 3.5 3.2525C3.5 3.0538 3.57885 2.86323 3.71923 2.72261C3.85961 2.58199 4.05006 2.50283 4.24875 2.5025C4.44745 2.50217 4.63815 2.5807 4.779 2.72084C4.91985 2.86099 4.99934 3.0513 5 3.25V3.254ZM5.45 5.154C5.88079 4.8824 6.2067 4.47269 6.37445 3.99186C6.54221 3.51102 6.54188 2.9875 6.37353 2.50687C6.20517 2.02624 5.87875 1.61694 5.44762 1.34588C5.01649 1.07483 4.50616 0.95804 4.00005 1.01462C3.49394 1.0712 3.022 1.2978 2.66137 1.65737C2.30074 2.01695 2.07276 2.48822 2.0147 2.99416C1.95664 3.5001 2.07193 4.01077 2.34173 4.4427C2.61152 4.87462 3.01987 5.20224 3.5 5.372V10.628C2.99931 10.8049 2.57729 11.1532 2.30855 11.6112C2.0398 12.0692 1.94163 12.6075 2.03139 13.1309C2.12114 13.6542 2.39305 14.1291 2.79904 14.4713C3.20503 14.8136 3.71897 15.0014 4.25 15.0014C4.78103 15.0014 5.29496 14.8136 5.70095 14.4713C6.10695 14.1291 6.37885 13.6542 6.46861 13.1309C6.55837 12.6075 6.4602 12.0692 6.19145 11.6112C5.9227 11.1532 5.50069 10.8049 5 10.628V7.123C5.53827 7.71503 6.19447 8.18788 6.92641 8.51114C7.65836 8.8344 8.44985 9.00093 9.25 9H10.628C10.8049 9.50069 11.1532 9.9227 11.6112 10.1915C12.0692 10.4602 12.6075 10.5584 13.1309 10.4686C13.6542 10.3789 14.1291 10.1069 14.4713 9.70096C14.8136 9.29496 15.0014 8.78103 15.0014 8.25C15.0014 7.71897 14.8136 7.20503 14.4713 6.79904C14.1291 6.39305 13.6542 6.12114 13.1309 6.03139C12.6075 5.94163 12.0692 6.0398 11.6112 6.30855C11.1532 6.57729 10.8049 6.99931 10.628 7.5H9.25C8.4613 7.50006 7.68813 7.28066 7.01702 6.86634C6.34592 6.45202 5.80334 5.85912 5.45 5.154ZM12.75 9C12.9489 9 13.1397 8.92098 13.2803 8.78033C13.421 8.63968 13.5 8.44891 13.5 8.25C13.5 8.05109 13.421 7.86032 13.2803 7.71967C13.1397 7.57902 12.9489 7.5 12.75 7.5C12.5511 7.5 12.3603 7.57902 12.2197 7.71967C12.079 7.86032 12 8.05109 12 8.25C12 8.44891 12.079 8.63968 12.2197 8.78033C12.3603 8.92098 12.5511 9 12.75 9ZM4.25 13.5C4.44891 13.5 4.63968 13.421 4.78033 13.2803C4.92098 13.1397 5 12.9489 5 12.75C5 12.5511 4.92098 12.3603 4.78033 12.2197C4.63968 12.079 4.44891 12 4.25 12C4.05109 12 3.86032 12.079 3.71967 12.2197C3.57902 12.3603 3.5 12.5511 3.5 12.75C3.5 12.9489 3.57902 13.1397 3.71967 13.2803C3.86032 13.421 4.05109 13.5 4.25 13.5Z\\"></path>",
      }
    }
    fill="currentColor"
    height={16}
    role="img"
    style={
      Object {
        "display": "inline-block",
        "userSelect": "none",
        "verticalAlign": "text-bottom",
      }
    }
    viewBox="0 0 16 16"
    width={16}
  />
</span>
`;
